    Hinst Name                                Module Name          Inst Count           Total Area
-----------------------------------------------------------------------------------------------
clb_tile                                                                 9371            18736.583
 blkinst                                      clb                        5285            10821.626
  blkinst/cluster0                            fraclut6sffc                574             1149.137
   blkinst/cluster0/CLKGATE_RC_CG_HIER_INST14 CLKGATE_RC_CG_MOD_14          2                5.832
  blkinst/cluster1                            fraclut6sffc_1              538             1092.450
   blkinst/cluster1/CLKGATE_RC_CG_HIER_INST15 CLKGATE_RC_CG_MOD_15          2                5.832
  blkinst/cluster2                            fraclut6sffc_2              538             1095.716
   blkinst/cluster2/CLKGATE_RC_CG_HIER_INST16 CLKGATE_RC_CG_MOD_16          2                5.832
  blkinst/cluster3                            fraclut6sffc_3              520             1072.388
   blkinst/cluster3/CLKGATE_RC_CG_HIER_INST17 CLKGATE_RC_CG_MOD_17          2                5.832
  blkinst/cluster4                            fraclut6sffc_4              515             1065.856
   blkinst/cluster4/CLKGATE_RC_CG_HIER_INST18 CLKGATE_RC_CG_MOD_18          2                5.832
  blkinst/cluster5                            fraclut6sffc_5              514             1063.057
   blkinst/cluster5/CLKGATE_RC_CG_HIER_INST19 CLKGATE_RC_CG_MOD_19          2                5.832
  blkinst/cluster6                            fraclut6sffc_6              521             1071.922
   blkinst/cluster6/CLKGATE_RC_CG_HIER_INST20 CLKGATE_RC_CG_MOD_20          2                5.832
  blkinst/cluster7                            fraclut6sffc_7              517             1065.856
   blkinst/cluster7/CLKGATE_RC_CG_HIER_INST21 CLKGATE_RC_CG_MOD_21          2                5.832
  blkinst/cluster8                            fraclut6sffc_8              520             1070.522
   blkinst/cluster8/CLKGATE_RC_CG_HIER_INST22 CLKGATE_RC_CG_MOD_22          2                5.832
  blkinst/cluster9                            fraclut6sffc_9              519             1061.891
   blkinst/cluster9/CLKGATE_RC_CG_HIER_INST23 CLKGATE_RC_CG_MOD_23          1                4.199
 cbinst_x0y0e                                 cbox_clb_x0y0e              228              241.212
  cbinst_x0y0e/sw_cbo_L1_x0y0n_1              cfg_mux4                      7                7.465
  cbinst_x0y0e/sw_cbo_L1_x0y0n_10             cfg_mux4_1                    8                8.165
  cbinst_x0y0e/sw_cbo_L1_x0y0n_11             cfg_mux3_8                    5                5.599
  cbinst_x0y0e/sw_cbo_L1_x0y0n_12             cfg_mux3_9                    6                6.299
  cbinst_x0y0e/sw_cbo_L1_x0y0n_13             cfg_mux3_10                   6                6.299
  cbinst_x0y0e/sw_cbo_L1_x0y0n_14             cfg_mux3_11                   5                5.599
  cbinst_x0y0e/sw_cbo_L1_x0y0n_15             cfg_mux3_12                   6                6.299
  cbinst_x0y0e/sw_cbo_L1_x0y0n_16             cfg_mux3_13                   6                6.299
  cbinst_x0y0e/sw_cbo_L1_x0y0n_17             cfg_mux3_14                   6                6.299
  cbinst_x0y0e/sw_cbo_L1_x0y0n_18             cfg_mux3_15                   6                6.299
  cbinst_x0y0e/sw_cbo_L1_x0y0n_19             cfg_mux3_16                   6                6.299
  cbinst_x0y0e/sw_cbo_L1_x0y0n_2              cfg_mux3                      6                6.299
  cbinst_x0y0e/sw_cbo_L1_x0y0n_3              cfg_mux3_1                    6                6.299
  cbinst_x0y0e/sw_cbo_L1_x0y0n_4              cfg_mux3_2                    5                5.599
  cbinst_x0y0e/sw_cbo_L1_x0y0n_5              cfg_mux3_3                    6                6.299
  cbinst_x0y0e/sw_cbo_L1_x0y0n_6              cfg_mux3_4                    6                6.299
  cbinst_x0y0e/sw_cbo_L1_x0y0n_7              cfg_mux3_5                    6                6.299
  cbinst_x0y0e/sw_cbo_L1_x0y0n_8              cfg_mux3_6                    6                6.299
  cbinst_x0y0e/sw_cbo_L1_x0y0n_9              cfg_mux3_7                    6                6.299
  cbinst_x0y0e/sw_cbo_L1_x0y0s_1              cfg_mux4_2                    7                7.465
  cbinst_x0y0e/sw_cbo_L1_x0y0s_10             cfg_mux4_3                    8                8.165
  cbinst_x0y0e/sw_cbo_L1_x0y0s_11             cfg_mux3_25                   5                5.599
  cbinst_x0y0e/sw_cbo_L1_x0y0s_12             cfg_mux3_26                   6                6.299
  cbinst_x0y0e/sw_cbo_L1_x0y0s_13             cfg_mux3_27                   6                6.299
  cbinst_x0y0e/sw_cbo_L1_x0y0s_14             cfg_mux3_28                   5                5.599
  cbinst_x0y0e/sw_cbo_L1_x0y0s_15             cfg_mux3_29                   6                6.299
  cbinst_x0y0e/sw_cbo_L1_x0y0s_16             cfg_mux3_30                   6                6.299
  cbinst_x0y0e/sw_cbo_L1_x0y0s_17             cfg_mux3_31                   6                6.299
  cbinst_x0y0e/sw_cbo_L1_x0y0s_18             cfg_mux3_32                   6                6.299
  cbinst_x0y0e/sw_cbo_L1_x0y0s_19             cfg_mux3_33                   6                6.299
  cbinst_x0y0e/sw_cbo_L1_x0y0s_2              cfg_mux3_17                   6                6.299
  cbinst_x0y0e/sw_cbo_L1_x0y0s_3              cfg_mux3_18                   6                6.299
  cbinst_x0y0e/sw_cbo_L1_x0y0s_4              cfg_mux3_19                   5                5.599
  cbinst_x0y0e/sw_cbo_L1_x0y0s_5              cfg_mux3_20                   6                6.299
  cbinst_x0y0e/sw_cbo_L1_x0y0s_6              cfg_mux3_21                   6                6.299
  cbinst_x0y0e/sw_cbo_L1_x0y0s_7              cfg_mux3_22                   6                6.299
  cbinst_x0y0e/sw_cbo_L1_x0y0s_8              cfg_mux3_23                   6                6.299
  cbinst_x0y0e/sw_cbo_L1_x0y0s_9              cfg_mux3_24                   6                6.299
 cbinst_x0y0n                                 cbox_clb_x0y0n               23               25.661
  cbinst_x0y0n/sw_blkp_clb_x0y0_cin_0         cfg_mux10_2                  23               25.661
 cbinst_x0y0s                                 cbox_clb_x0y0s               46               48.989
  cbinst_x0y0s/sw_blkp_clb_x0y0_ce_0          cfg_mux10                    23               24.494
  cbinst_x0y0s/sw_blkp_clb_x0y0_sr_0          cfg_mux10_1                  23               24.494
 cbinst_x0y0w                                 cbox_clb_x0y0w             1744             1834.747
  cbinst_x0y0w/sw_blkp_clb_x0y0_ia0_0         cfg_mux10_3                  28               40.124
  cbinst_x0y0w/sw_blkp_clb_x0y0_ia0_1         cfg_mux10_4                  26               30.326
  cbinst_x0y0w/sw_blkp_clb_x0y0_ia0_2         cfg_mux10_5                  30               29.860
  cbinst_x0y0w/sw_blkp_clb_x0y0_ia0_3         cfg_mux10_6                  33               31.726
  cbinst_x0y0w/sw_blkp_clb_x0y0_ia0_4         cfg_mux10_7                  25               26.827
  cbinst_x0y0w/sw_blkp_clb_x0y0_ia0_5         cfg_mux10_8                  23               25.194
  cbinst_x0y0w/sw_blkp_clb_x0y0_ia1_0         cfg_mux10_10                 26               25.661
  cbinst_x0y0w/sw_blkp_clb_x0y0_ia1_1         cfg_mux10_11                 26               25.194
  cbinst_x0y0w/sw_blkp_clb_x0y0_ia1_2         cfg_mux10_12                 26               25.661
  cbinst_x0y0w/sw_blkp_clb_x0y0_ia1_3         cfg_mux10_13                 23               23.561
  cbinst_x0y0w/sw_blkp_clb_x0y0_ia1_4         cfg_mux10_14                 26               25.661
  cbinst_x0y0w/sw_blkp_clb_x0y0_ia1_5         cfg_mux10_15                 22               24.494
  cbinst_x0y0w/sw_blkp_clb_x0y0_ia2_0         cfg_mux10_17                 34               32.426
  cbinst_x0y0w/sw_blkp_clb_x0y0_ia2_1         cfg_mux10_18                 29               28.927
  cbinst_x0y0w/sw_blkp_clb_x0y0_ia2_2         cfg_mux10_19                 25               25.428
  cbinst_x0y0w/sw_blkp_clb_x0y0_ia2_3         cfg_mux10_20                 23               25.194
  cbinst_x0y0w/sw_blkp_clb_x0y0_ia2_4         cfg_mux10_21                 22               24.494
  cbinst_x0y0w/sw_blkp_clb_x0y0_ia2_5         cfg_mux10_22                 21               23.795
  cbinst_x0y0w/sw_blkp_clb_x0y0_ia3_0         cfg_mux10_24                 24               24.261
  cbinst_x0y0w/sw_blkp_clb_x0y0_ia3_1         cfg_mux10_25                 27               25.894
  cbinst_x0y0w/sw_blkp_clb_x0y0_ia3_2         cfg_mux10_26                 25               25.428
  cbinst_x0y0w/sw_blkp_clb_x0y0_ia3_3         cfg_mux10_27                 24               24.261
  cbinst_x0y0w/sw_blkp_clb_x0y0_ia3_4         cfg_mux10_28                 22               24.494
  cbinst_x0y0w/sw_blkp_clb_x0y0_ia3_5         cfg_mux10_29                 22               24.494
  cbinst_x0y0w/sw_blkp_clb_x0y0_ia4_0         cfg_mux10_31                 24               24.261
  cbinst_x0y0w/sw_blkp_clb_x0y0_ia4_1         cfg_mux10_32                 23               23.561
  cbinst_x0y0w/sw_blkp_clb_x0y0_ia4_2         cfg_mux10_33                 26               25.894
  cbinst_x0y0w/sw_blkp_clb_x0y0_ia4_3         cfg_mux10_34                 23               25.194
  cbinst_x0y0w/sw_blkp_clb_x0y0_ia4_4         cfg_mux10_35                 24               25.894
  cbinst_x0y0w/sw_blkp_clb_x0y0_ia4_5         cfg_mux10_36                 22               24.494
  cbinst_x0y0w/sw_blkp_clb_x0y0_ia5_0         cfg_mux10_38                 25               25.428
  cbinst_x0y0w/sw_blkp_clb_x0y0_ia5_1         cfg_mux10_39                 25               25.428
  cbinst_x0y0w/sw_blkp_clb_x0y0_ia5_2         cfg_mux10_40                 25               26.127
  cbinst_x0y0w/sw_blkp_clb_x0y0_ia5_3         cfg_mux10_41                 23               24.728
  cbinst_x0y0w/sw_blkp_clb_x0y0_ia5_4         cfg_mux10_42                 24               25.661
  cbinst_x0y0w/sw_blkp_clb_x0y0_ia5_5         cfg_mux10_43                 23               24.494
  cbinst_x0y0w/sw_blkp_clb_x0y0_ia6_0         cfg_mux10_45                 24               24.028
  cbinst_x0y0w/sw_blkp_clb_x0y0_ia6_1         cfg_mux10_46                 23               24.261
  cbinst_x0y0w/sw_blkp_clb_x0y0_ia6_2         cfg_mux10_47                 22               23.561
  cbinst_x0y0w/sw_blkp_clb_x0y0_ia6_3         cfg_mux10_48                 24               25.661
  cbinst_x0y0w/sw_blkp_clb_x0y0_ia6_4         cfg_mux10_49                 24               25.194
  cbinst_x0y0w/sw_blkp_clb_x0y0_ia6_5         cfg_mux10_50                 23               24.494
  cbinst_x0y0w/sw_blkp_clb_x0y0_ia7_0         cfg_mux10_52                 23               24.261
  cbinst_x0y0w/sw_blkp_clb_x0y0_ia7_1         cfg_mux10_53                 23               24.261
  cbinst_x0y0w/sw_blkp_clb_x0y0_ia7_2         cfg_mux10_54                 23               24.494
  cbinst_x0y0w/sw_blkp_clb_x0y0_ia7_3         cfg_mux10_55                 23               24.494
  cbinst_x0y0w/sw_blkp_clb_x0y0_ia7_4         cfg_mux10_56                 22               23.795
  cbinst_x0y0w/sw_blkp_clb_x0y0_ia7_5         cfg_mux10_57                 23               24.494
  cbinst_x0y0w/sw_blkp_clb_x0y0_ia8_0         cfg_mux10_59                 24               24.961
  cbinst_x0y0w/sw_blkp_clb_x0y0_ia8_1         cfg_mux10_60                 23               24.261
  cbinst_x0y0w/sw_blkp_clb_x0y0_ia8_2         cfg_mux10_61                 22               23.795
  cbinst_x0y0w/sw_blkp_clb_x0y0_ia8_3         cfg_mux10_62                 23               24.494
  cbinst_x0y0w/sw_blkp_clb_x0y0_ia8_4         cfg_mux10_63                 23               24.494
  cbinst_x0y0w/sw_blkp_clb_x0y0_ia8_5         cfg_mux10_64                 23               24.494
  cbinst_x0y0w/sw_blkp_clb_x0y0_ia9_0         cfg_mux10_66                 23               24.494
  cbinst_x0y0w/sw_blkp_clb_x0y0_ia9_1         cfg_mux10_67                 23               24.494
  cbinst_x0y0w/sw_blkp_clb_x0y0_ia9_2         cfg_mux10_68                 22               24.261
  cbinst_x0y0w/sw_blkp_clb_x0y0_ia9_3         cfg_mux10_69                 24               25.194
  cbinst_x0y0w/sw_blkp_clb_x0y0_ia9_4         cfg_mux10_70                 25               26.127
  cbinst_x0y0w/sw_blkp_clb_x0y0_ia9_5         cfg_mux10_71                 22               23.795
  cbinst_x0y0w/sw_blkp_clb_x0y0_ib0_0         cfg_mux10_9                  22               24.494
  cbinst_x0y0w/sw_blkp_clb_x0y0_ib1_0         cfg_mux10_16                 22               24.494
  cbinst_x0y0w/sw_blkp_clb_x0y0_ib2_0         cfg_mux10_23                 22               24.494
  cbinst_x0y0w/sw_blkp_clb_x0y0_ib3_0         cfg_mux10_30                 22               24.494
  cbinst_x0y0w/sw_blkp_clb_x0y0_ib4_0         cfg_mux10_37                 22               24.494
  cbinst_x0y0w/sw_blkp_clb_x0y0_ib5_0         cfg_mux10_44                 24               25.194
  cbinst_x0y0w/sw_blkp_clb_x0y0_ib6_0         cfg_mux10_51                 23               24.494
  cbinst_x0y0w/sw_blkp_clb_x0y0_ib7_0         cfg_mux10_58                 23               24.494
  cbinst_x0y0w/sw_blkp_clb_x0y0_ib8_0         cfg_mux10_65                 23               24.494
  cbinst_x0y0w/sw_blkp_clb_x0y0_ib9_0         cfg_mux10_72                 23               24.494
 fake_mem                                     ff_array                   1334             3348.734
  fake_mem/CLKGATE_RC_CG_HIER_INST24          CLKGATE_RC_CG_MOD_24          1                4.199
  fake_mem/CLKGATE_RC_CG_HIER_INST25          CLKGATE_RC_CG_MOD_25          1                4.199
  fake_mem/CLKGATE_RC_CG_HIER_INST26          CLKGATE_RC_CG_MOD_26          1                4.199
  fake_mem/CLKGATE_RC_CG_HIER_INST27          CLKGATE_RC_CG_MOD_27          1                4.199
  fake_mem/CLKGATE_RC_CG_HIER_INST28          CLKGATE_RC_CG_MOD_28          1                4.199
  fake_mem/CLKGATE_RC_CG_HIER_INST29          CLKGATE_RC_CG_MOD_29          1                4.199
  fake_mem/CLKGATE_RC_CG_HIER_INST30          CLKGATE_RC_CG_MOD_30          1                4.199
  fake_mem/CLKGATE_RC_CG_HIER_INST31          CLKGATE_RC_CG_MOD_31          1                4.199
  fake_mem/CLKGATE_RC_CG_HIER_INST32          CLKGATE_RC_CG_MOD_32          1                4.199
  fake_mem/CLKGATE_RC_CG_HIER_INST33          CLKGATE_RC_CG_MOD_33          1                4.199
  fake_mem/CLKGATE_RC_CG_HIER_INST34          CLKGATE_RC_CG_MOD_34          1                4.199
  fake_mem/CLKGATE_RC_CG_HIER_INST35          CLKGATE_RC_CG_MOD_35          1                4.199
  fake_mem/CLKGATE_RC_CG_HIER_INST36          CLKGATE_RC_CG_MOD_36          1                4.199
  fake_mem/CLKGATE_RC_CG_HIER_INST37          CLKGATE_RC_CG_MOD_37          1                4.199
  fake_mem/CLKGATE_RC_CG_HIER_INST38          CLKGATE_RC_CG_MOD_38          1                4.199
  fake_mem/CLKGATE_RC_CG_HIER_INST39          CLKGATE_RC_CG_MOD_39          1                4.199
