Depth  Name                                         #Inst  Area (um^2) 
-----------------------------------------------------------------------
0      clb_tile                                     6527   10983.4632  
1      cbinst_x0y0e                                 80     0.576       
1      blkinst                                      5753   10952.26272 
1      cbinst_x0y0w                                 630    4.536       
1      cbinst_x0y0s                                 18     0.1296      
1      cbinst_x0y0n                                 9      0.0648      
2      cbinst_x0y0w/sw_blkp_clb_x0y0_ib2_0          9      0.0648      
2      cbinst_x0y0w/sw_blkp_clb_x0y0_ia7_2          9      0.0648      
2      cbinst_x0y0w/sw_blkp_clb_x0y0_ia3_3          9      0.0648      
2      cbinst_x0y0w/sw_blkp_clb_x0y0_ia2_5          9      0.0648      
2      blkinst/cluster4                             594    1147.27104  
2      cbinst_x0y0e/sw_cbo_L1_x0y0n_2               2      0.0144      
2      cbinst_x0y0w/sw_blkp_clb_x0y0_ia9_2          9      0.0648      
2      cbinst_x0y0e/sw_cbo_L1_x0y0n_18              2      0.0144      
2      cbinst_x0y0w/sw_blkp_clb_x0y0_ia1_5          9      0.0648      
2      cbinst_x0y0w/sw_blkp_clb_x0y0_ia1_2          9      0.0648      
2      cbinst_x0y0e/sw_cbo_L1_x0y0n_14              2      0.0144      
2      cbinst_x0y0w/sw_blkp_clb_x0y0_ia5_5          9      0.0648      
2      cbinst_x0y0e/sw_cbo_L1_x0y0n_5               2      0.0144      
2      cbinst_x0y0e/sw_cbo_L1_x0y0s_7               2      0.0144      
2      cbinst_x0y0w/sw_blkp_clb_x0y0_ia5_1          9      0.0648      
2      cbinst_x0y0e/sw_cbo_L1_x0y0s_16              2      0.0144      
2      cbinst_x0y0e/sw_cbo_L1_x0y0s_12              2      0.0144      
2      cbinst_x0y0w/sw_blkp_clb_x0y0_ia4_1          9      0.0648      
2      cbinst_x0y0w/sw_blkp_clb_x0y0_ia8_4          9      0.0648      
2      cbinst_x0y0s/sw_blkp_clb_x0y0_sr_0           9      0.0648      
2      cbinst_x0y0e/sw_cbo_L1_x0y0s_3               2      0.0144      
2      cbinst_x0y0e/sw_cbo_L1_x0y0s_6               2      0.0144      
2      cbinst_x0y0w/sw_blkp_clb_x0y0_ib4_0          9      0.0648      
2      cbinst_x0y0w/sw_blkp_clb_x0y0_ia7_0          9      0.0648      
2      cbinst_x0y0w/sw_blkp_clb_x0y0_ia3_1          9      0.0648      
2      cbinst_x0y0w/sw_blkp_clb_x0y0_ia2_3          9      0.0648      
2      cbinst_x0y0w/sw_blkp_clb_x0y0_ia1_3          9      0.0648      
2      cbinst_x0y0e/sw_cbo_L1_x0y0n_12              2      0.0144      
2      cbinst_x0y0w/sw_blkp_clb_x0y0_ia9_5          9      0.0648      
2      cbinst_x0y0w/sw_blkp_clb_x0y0_ia5_3          9      0.0648      
2      cbinst_x0y0e/sw_cbo_L1_x0y0n_17              2      0.0144      
2      cbinst_x0y0w/sw_blkp_clb_x0y0_ia4_5          9      0.0648      
2      cbinst_x0y0e/sw_cbo_L1_x0y0s_14              2      0.0144      
2      cbinst_x0y0w/sw_blkp_clb_x0y0_ia6_2          9      0.0648      
2      cbinst_x0y0w/sw_blkp_clb_x0y0_ia3_5          9      0.0648      
2      cbinst_x0y0e/sw_cbo_L1_x0y0s_10              3      0.0216      
2      cbinst_x0y0e/sw_cbo_L1_x0y0n_8               2      0.0144      
2      cbinst_x0y0w/sw_blkp_clb_x0y0_ia8_2          9      0.0648      
2      cbinst_x0y0e/sw_cbo_L1_x0y0s_1               3      0.0216      
2      cbinst_x0y0w/sw_blkp_clb_x0y0_ia7_4          9      0.0648      
2      cbinst_x0y0w/sw_blkp_clb_x0y0_ia4_4          9      0.0648      
2      cbinst_x0y0w/sw_blkp_clb_x0y0_ia0_5          9      0.0648      
2      cbinst_x0y0w/sw_blkp_clb_x0y0_ia0_1          9      0.0648      
2      blkinst/cluster3                             645    1118.81088  
2      cbinst_x0y0w/sw_blkp_clb_x0y0_ia6_4          9      0.0648      
2      cbinst_x0y0w/sw_blkp_clb_x0y0_ib7_0          9      0.0648      
2      cbinst_x0y0w/sw_blkp_clb_x0y0_ia2_1          9      0.0648      
2      cbinst_x0y0n/sw_blkp_clb_x0y0_cin_0          9      0.0648      
2      cbinst_x0y0e/sw_cbo_L1_x0y0s_18              2      0.0144      
2      blkinst/cluster9                             424    872.93376   
2      cbinst_x0y0w/sw_blkp_clb_x0y0_ia3_4          9      0.0648      
2      cbinst_x0y0e/sw_cbo_L1_x0y0n_10              3      0.0216      
2      cbinst_x0y0w/sw_blkp_clb_x0y0_ia9_3          9      0.0648      
2      cbinst_x0y0e/sw_cbo_L1_x0y0n_19              2      0.0144      
2      cbinst_x0y0w/sw_blkp_clb_x0y0_ia2_0          9      0.0648      
2      cbinst_x0y0e/sw_cbo_L1_x0y0n_15              2      0.0144      
2      cbinst_x0y0w/sw_blkp_clb_x0y0_ia6_0          9      0.0648      
2      cbinst_x0y0e/sw_cbo_L1_x0y0n_6               2      0.0144      
2      cbinst_x0y0e/sw_cbo_L1_x0y0n_9               2      0.0144      
2      cbinst_x0y0e/sw_cbo_L1_x0y0s_8               2      0.0144      
2      cbinst_x0y0w/sw_blkp_clb_x0y0_ia5_2          9      0.0648      
2      cbinst_x0y0w/sw_blkp_clb_x0y0_ia8_0          9      0.0648      
2      cbinst_x0y0e/sw_cbo_L1_x0y0s_13              2      0.0144      
2      cbinst_x0y0w/sw_blkp_clb_x0y0_ia4_2          9      0.0648      
2      cbinst_x0y0w/sw_blkp_clb_x0y0_ia0_3          9      0.0648      
2      cbinst_x0y0w/sw_blkp_clb_x0y0_ia8_5          9      0.0648      
2      blkinst/cluster2                             661    1119.04416  
2      cbinst_x0y0e/sw_cbo_L1_x0y0s_4               2      0.0144      
2      cbinst_x0y0w/sw_blkp_clb_x0y0_ib5_0          9      0.0648      
2      blkinst/cluster8                             480    1010.80224  
2      cbinst_x0y0w/sw_blkp_clb_x0y0_ib1_0          9      0.0648      
2      cbinst_x0y0w/sw_blkp_clb_x0y0_ia7_1          9      0.0648      
2      cbinst_x0y0w/sw_blkp_clb_x0y0_ia3_2          9      0.0648      
2      cbinst_x0y0w/sw_blkp_clb_x0y0_ia2_4          9      0.0648      
2      cbinst_x0y0e/sw_cbo_L1_x0y0n_1               3      0.0216      
2      cbinst_x0y0w/sw_blkp_clb_x0y0_ia9_1          9      0.0648      
2      cbinst_x0y0w/sw_blkp_clb_x0y0_ia1_4          9      0.0648      
2      cbinst_x0y0w/sw_blkp_clb_x0y0_ia1_1          9      0.0648      
2      blkinst/cluster6                             553    1190.19456  
2      cbinst_x0y0e/sw_cbo_L1_x0y0n_13              2      0.0144      
2      cbinst_x0y0w/sw_blkp_clb_x0y0_ib0_0          9      0.0648      
2      cbinst_x0y0w/sw_blkp_clb_x0y0_ia5_4          9      0.0648      
2      cbinst_x0y0e/sw_cbo_L1_x0y0n_4               2      0.0144      
2      cbinst_x0y0w/sw_blkp_clb_x0y0_ia5_0          9      0.0648      
2      cbinst_x0y0e/sw_cbo_L1_x0y0s_15              2      0.0144      
2      cbinst_x0y0e/sw_cbo_L1_x0y0s_11              2      0.0144      
2      cbinst_x0y0w/sw_blkp_clb_x0y0_ia4_0          9      0.0648      
2      cbinst_x0y0w/sw_blkp_clb_x0y0_ia9_0          9      0.0648      
2      cbinst_x0y0w/sw_blkp_clb_x0y0_ia8_3          9      0.0648      
2      cbinst_x0y0s/sw_blkp_clb_x0y0_ce_0           9      0.0648      
2      blkinst/cluster1                             669    1171.76544  
2      cbinst_x0y0e/sw_cbo_L1_x0y0s_2               2      0.0144      
2      cbinst_x0y0e/sw_cbo_L1_x0y0s_5               2      0.0144      
2      cbinst_x0y0w/sw_blkp_clb_x0y0_ia7_5          9      0.0648      
2      cbinst_x0y0w/sw_blkp_clb_x0y0_ia1_0          9      0.0648      
2      cbinst_x0y0w/sw_blkp_clb_x0y0_ib3_0          9      0.0648      
2      cbinst_x0y0w/sw_blkp_clb_x0y0_ia0_2          9      0.0648      
2      blkinst/cluster7                             476    1010.80224  
2      cbinst_x0y0w/sw_blkp_clb_x0y0_ia6_5          9      0.0648      
2      cbinst_x0y0w/sw_blkp_clb_x0y0_ia3_0          9      0.0648      
2      cbinst_x0y0e/sw_cbo_L1_x0y0n_3               2      0.0144      
2      cbinst_x0y0w/sw_blkp_clb_x0y0_ib8_0          9      0.0648      
2      cbinst_x0y0w/sw_blkp_clb_x0y0_ia2_2          9      0.0648      
2      cbinst_x0y0e/sw_cbo_L1_x0y0s_19              2      0.0144      
2      blkinst/cluster5                             588    1137.24     
2      cbinst_x0y0e/sw_cbo_L1_x0y0n_11              2      0.0144      
2      cbinst_x0y0w/sw_blkp_clb_x0y0_ia9_4          9      0.0648      
2      cbinst_x0y0e/sw_cbo_L1_x0y0n_16              2      0.0144      
2      cbinst_x0y0w/sw_blkp_clb_x0y0_ia6_1          9      0.0648      
2      cbinst_x0y0e/sw_cbo_L1_x0y0s_9               2      0.0144      
2      cbinst_x0y0e/sw_cbo_L1_x0y0n_7               2      0.0144      
2      cbinst_x0y0w/sw_blkp_clb_x0y0_ia8_1          9      0.0648      
2      blkinst/cluster0                             663    1173.3984   
2      cbinst_x0y0w/sw_blkp_clb_x0y0_ia7_3          9      0.0648      
2      cbinst_x0y0w/sw_blkp_clb_x0y0_ia4_3          9      0.0648      
2      cbinst_x0y0w/sw_blkp_clb_x0y0_ia0_4          9      0.0648      
2      cbinst_x0y0w/sw_blkp_clb_x0y0_ia0_0          9      0.0648      
2      cbinst_x0y0w/sw_blkp_clb_x0y0_ia6_3          9      0.0648      
2      cbinst_x0y0w/sw_blkp_clb_x0y0_ib9_0          9      0.0648      
2      cbinst_x0y0w/sw_blkp_clb_x0y0_ib6_0          9      0.0648      
2      cbinst_x0y0e/sw_cbo_L1_x0y0s_17              2      0.0144      
3      blkinst/cluster6/CLKGATE_RC_CG_HIER_INST6    2      5.832       
3      blkinst/cluster1/CLKGATE_RC_CG_HIER_INST1    2      5.832       
3      blkinst/cluster7/CLKGATE_RC_CG_HIER_INST7    1      4.19904     
3      blkinst/cluster5/CLKGATE_RC_CG_HIER_INST5    3      6.9984      
3      blkinst/cluster0/CLKGATE_RC_CG_HIER_INST0    1      4.19904     
3      blkinst/cluster4/CLKGATE_RC_CG_HIER_INST4    1      4.19904     
3      blkinst/cluster3/CLKGATE_RC_CG_HIER_INST3    1      4.19904     
3      blkinst/cluster9/CLKGATE_RC_CG_HIER_INST9    2      5.832       
3      blkinst/cluster2/CLKGATE_RC_CG_HIER_INST2    3      8.1648      
3      blkinst/cluster8/CLKGATE_RC_CG_HIER_INST8    2      5.832       
